We lost all controlfiles and there is no controlfiles backup, plus we lost the "ACTIVE" redo log file :
SQL> startup
ORACLE instance started.

Total System Global Area  796917760 bytes
Fixed Size		    2929448 bytes
Variable Size		  587205848 bytes
Database Buffers	  201326592 bytes
Redo Buffers		    5455872 bytes
ORA-00205: error in identifying control file, check alert log for more info


SQL> @/database/controlfile.sh
CREATE CONTROLFILE
*
ERROR at line 1:
ORA-01503: CREATE CONTROLFILE failed
ORA-01565: error in identifying file
'/database/app/oracle/oradata/ncscm/redo02.log'
ORA-27037: unable to obtain file status
Linux-x86_64 Error: 2: No such file or directory
Additional information: 3
This message because Orcale can not read the "REDO02.log"
after checking the status of the redo02.log, the file is not found.
In case of loosing any of redo log files, we need to use "RESETLOGS" in the creation code of the controlfile
to enable Oracle DB to clear the unavilable redo log file and reintialize it.

SQL> @/database/controlfile.sh
The creation code:
CREATE CONTROLFILE
   REUSE DATABASE ncscm
   LOGFILE GROUP 1 ('/database/app/oracle/oradata/ncscm/redo01.log')size 50M, 
           GROUP 2 ('/database/app/oracle/oradata/ncscm/redo02.log')size 50M,
           GROUP 3 ('/database/app/oracle/oradata/ncscm/redo03.log')size 50M 
 	RESETLOGS
   DATAFILE '/database/app/oracle/oradata/ncscm/system01.dbf',
            '/database/app/oracle/oradata/ncscm/sysaux01.dbf',
            '/database/app/oracle/oradata/ncscm/users01.dbf',
 	    '/database/app/oracle/oradata/ncscm/undotbs01.dbf',
            '/database/app/oracle/oradata/ncscm/example01.dbf'
   MAXLOGFILES 50
   MAXLOGMEMBERS 3
   MAXLOGHISTORY 400
   MAXDATAFILES 200
   MAXINSTANCES 6
   ARCHIVELOG;

Control file created.


SQL> select status from v$instance;

STATUS
------------
MOUNTED
After losing all controlfile copies we need to recover the DB.
SQL> recover database using backup controlfile until cancel;
ORA-00279: change 2443869 generated at 05/11/2018 09:21:59 needed for thread 1
ORA-00289: suggestion :
/fra/NCSCM/archivelog/2018_05_11/o1_mf_1_4_fhc6g2ty_.arc
ORA-00280: change 2443869 for thread 1 is in sequence #4


Specify log: {<RET>=suggested | filename | AUTO | CANCEL}

ORA-00279: change 2444572 generated at 05/11/2018 09:25:22 needed for thread 1
ORA-00289: suggestion : /fra/NCSCM/archivelog/2018_05_11/o1_mf_1_5_%u_.arc
ORA-00280: change 2444572 for thread 1 is in sequence #5
ORA-00278: log file '/fra/NCSCM/archivelog/2018_05_11/o1_mf_1_4_fhc6g2ty_.arc'
no longer needed for this recovery


Specify log: {<RET>=suggested | filename | AUTO | CANCEL}

ORA-00308: cannot open archived log
'/fra/NCSCM/archivelog/2018_05_11/o1_mf_1_5_%u_.arc'
ORA-27037: unable to obtain file status
Linux-x86_64 Error: 2: No such file or directory
Additional information: 3


ORA-01547: warning: RECOVER succeeded but OPEN RESETLOGS would get error below
ORA-01194: file 1 needs more recovery to be consistent
ORA-01110: data file 1: '/database/app/oracle/oradata/ncscm/system01.dbf'
Oracle DB can recover until the last avilable archived log file, so, 
We need to specify the path and name of the "CURRENT" redo log file to enable Oracle to apply the
current redo:
SQL> recover database using backup controlfile until cancel;
ORA-00279: change 2444572 generated at 05/11/2018 09:25:22 needed for thread 1
ORA-00289: suggestion : /fra/NCSCM/archivelog/2018_05_11/o1_mf_1_5_%u_.arc
ORA-00280: change 2444572 for thread 1 is in sequence #5


Specify log: {<RET>=suggested | filename | AUTO | CANCEL}
//database/app/oracle/oradata/ncscm/redo02.log
Log applied.
Media recovery complete.
SQL> alter database open resetlogs;

Database altered.