We lost all controlfiles and there is no controlfiles backup:
SQL> startup
ORACLE instance started.

Total System Global Area  796917760 bytes
Fixed Size		    2929448 bytes
Variable Size		  583011544 bytes
Database Buffers	  205520896 bytes
Redo Buffers		    5455872 bytes
ORA-00205: error in identifying control file, check alert log for more info

SQL> select status from v$instance;

STATUS
------------
STARTED
We need to check and locate all datafiles and redo log files before creating controlfile.
SQL> @/database/controlfile.sh
Control file created.
The creation code:
CREATE CONTROLFILE
   REUSE DATABASE ncscm
   LOGFILE GROUP 1 ('/database/app/oracle/oradata/ncscm/redo01.log'), 
           GROUP 2 ('/database/app/oracle/oradata/ncscm/redo02.log'),
           GROUP 3 ('/database/app/oracle/oradata/ncscm/redo03.log') 
 	NORESETLOGS
   DATAFILE '/database/app/oracle/oradata/ncscm/system01.dbf',
            '/database/app/oracle/oradata/ncscm/sysaux01.dbf',
            '/database/app/oracle/oradata/ncscm/users01.dbf',
 	    '/database/app/oracle/oradata/ncscm/undotbs01.dbf',
            '/database/app/oracle/oradata/ncscm/example01.dbf'
   MAXLOGFILES 50
   MAXLOGMEMBERS 3
   MAXLOGHISTORY 400
   MAXDATAFILES 200
   MAXINSTANCES 6
   ARCHIVELOG;

- Reuse:
Specify REUSE to indicate that existing control files identified by the parameter "control_files" can be reused,
overwriting any info they may currently contain. If you omit this clause and any of these control files already
exists, then Oracle returns an error.
- DATABASE Clause
  Specify the name of the DB. The valus of this parameter must be the existing DB name established by the previous CREATE DATABASE
  statemnet or CREATE CONTROLFILE statment.
- SET DATABASE Clause
  Use SET DATABASE to change the name of the DB. The name of the DB can be as long as eight bytes.
- RESETLOGS
  We use it if we want DB to ignore the contents of the files listed in the LOGFILE cluase. These files do not have to exist.
  We must specify the size parameter. After using this clause, you must open the DB using the RESETLOGS of the ALTER DATABASE statement.
Note: If the one of those redo log files is CURRENT, we need to apply this redo to be able to open the DB.
 If the state is "ACTIVE" we need to apply the redo too, if the archived log is avilable and the location is known for Oracle,
 then we just press enter or give the path and name of the archived log and Oracle will apply the required archive logs, 
 If it is not avilable, we need to apply the redo log file,
 same way like "CURRENT" we give full path and name of the redo log file.
- NORESETLOGS
  If we want to use all files in the LOGFILE as they were when the DB was last open.
Note: We can not put the temp file in the code,
 After restore and recovery of the DB , when the DB is open, 
 missing temp TS that were recorded in the control file
 are re-created with their previous creation size,Autoextend
 and MAXSIZE attributes.Only temp TS that are missing are re-
 created. If a temp file exists at the location recorded in the
 RMAN REPO but has an invalid header, then RMAN does not re-
 creat the temp file. 

SQL> select status from v$instance;

STATUS
------------
MOUNTED

RMAN> list backup;

using target database control file instead of recovery catalog
specification does not match any backup in the repository

We need to catalog the avilable backups and archived logs: 
RMAN> catalog start with'/fra/NCSCM';

searching for all files that match the pattern /fra/NCSCM

List of Files Unknown to the Database
=====================================
File Name: /fra/NCSCM/archivelog/2018_05_11/o1_mf_1_9_fhbzrb54_.arc
File Name: /fra/NCSCM/archivelog/2018_05_11/o1_mf_1_10_fhbzrbo8_.arc
File Name: /fra/NCSCM/archivelog/2018_05_11/o1_mf_1_11_fhbzrcgv_.arc
File Name: /fra/NCSCM/backupset/2018_05_11/o1_mf_nnndf_TAG20180511T072405_fhbzbosy_.bkp
File Name: /fra/NCSCM/autobackup/2018_05_11/o1_mf_s_975828280_fhbzcs4d_.bkp

Do you really want to catalog the above files (enter YES or NO)? y
cataloging files...
cataloging done

List of Cataloged Files
=======================
File Name: /fra/NCSCM/archivelog/2018_05_11/o1_mf_1_9_fhbzrb54_.arc
File Name: /fra/NCSCM/archivelog/2018_05_11/o1_mf_1_10_fhbzrbo8_.arc
File Name: /fra/NCSCM/archivelog/2018_05_11/o1_mf_1_11_fhbzrcgv_.arc
File Name: /fra/NCSCM/backupset/2018_05_11/o1_mf_nnndf_TAG20180511T072405_fhbzbosy_.bkp
File Name: /fra/NCSCM/autobackup/2018_05_11/o1_mf_s_975828280_fhbzcs4d_.bkp

RMAN> list backup;


List of Backup Sets
===================


BS Key  Type LV Size       Device Type Elapsed Time Completion Time
------- ---- -- ---------- ----------- ------------ ---------------
1       Full    1.26G      DISK        00:00:27     11-MAY-18      
        BP Key: 1   Status: AVAILABLE  Compressed: NO  Tag: TAG20180511T072405
        Piece Name: /fra/NCSCM/backupset/2018_05_11/o1_mf_nnndf_TAG20180511T072405_fhbzbosy_.bkp
  List of Datafiles in backup set 1
  File LV Type Ckp SCN    Ckp Time  Name
  ---- -- ---- ---------- --------- ----
  1       Full 1835888    11-MAY-18 /database/app/oracle/oradata/ncscm/system01.dbf
  3       Full 1835888    11-MAY-18 /database/app/oracle/oradata/ncscm/sysaux01.dbf
  4       Full 1835888    11-MAY-18 /database/app/oracle/oradata/ncscm/undotbs01.dbf
  5       Full 1835888    11-MAY-18 /database/app/oracle/oradata/ncscm/example01.dbf
  6       Full 1835888    11-MAY-18 /database/app/oracle/oradata/ncscm/users01.dbf

BS Key  Type LV Size       Device Type Elapsed Time Completion Time
------- ---- -- ---------- ----------- ------------ ---------------
2       Full    9.64M      DISK        00:00:01     11-MAY-18      
        BP Key: 2   Status: AVAILABLE  Compressed: NO  Tag: TAG20180511T072440
        Piece Name: /fra/NCSCM/autobackup/2018_05_11/o1_mf_s_975828280_fhbzcs4d_.bkp
  SPFILE Included: Modification time: 11-MAY-18
  SPFILE db_unique_name: NCSCM
  Control File Included: Ckp SCN: 1835935      Ckp time: 11-MAY-18

RMAN> recover database;

Starting recover at 11-MAY-18
allocated channel: ORA_DISK_1
channel ORA_DISK_1: SID=24 device type=DISK

starting media recovery
media recovery complete, elapsed time: 00:00:01

Finished recover at 11-MAY-18
SQL> alter database open;

Database altered.
We need to check the status of the datafiles to make sure we did not forget any of them:
SQL> select name,status from v$datafile;

NAME
--------------------------------------------------------------------------------
STATUS
-------
/database/app/oracle/oradata/ncscm/system01.dbf
SYSTEM

/database/app/oracle/oradata/ncscm/sysaux01.dbf
ONLINE

/database/app/oracle/oradata/ncscm/undotbs01.dbf
ONLINE


NAME
--------------------------------------------------------------------------------
STATUS
-------
/database/app/oracle/oradata/ncscm/example01.dbf
ONLINE

/database/app/oracle/oradata/ncscm/users01.dbf
ONLINE